#-----------------------------------------------------------
# Vivado v2015.4 (64-bit)
# SW Build 1412921 on Wed Nov 18 09:43:45 MST 2015
# IP Build 1412160 on Tue Nov 17 13:47:24 MST 2015
# Start of session at: Wed Apr 05 18:10:07 2017
# Process ID: 26544
# Current directory: C:/Sourcetree_Local/Thesis_VHDL/Xilinx_Projects/Convolutional_Neural_Network_FPGA_Node
# Command line: vivado.exe -gui_launcher_event rodinguilauncherevent25968 C:\Sourcetree_Local\Thesis_VHDL\Xilinx_Projects\Convolutional_Neural_Network_FPGA_Node\Convolutional_Neural_Network_FPGA_Node.xpr
# Log file: C:/Sourcetree_Local/Thesis_VHDL/Xilinx_Projects/Convolutional_Neural_Network_FPGA_Node/vivado.log
# Journal file: C:/Sourcetree_Local/Thesis_VHDL/Xilinx_Projects/Convolutional_Neural_Network_FPGA_Node\vivado.jou
#-----------------------------------------------------------
start_gui
open_project C:/Sourcetree_Local/Thesis_VHDL/Xilinx_Projects/Convolutional_Neural_Network_FPGA_Node/Convolutional_Neural_Network_FPGA_Node.xpr
open_bd_design {C:/Sourcetree_Local/Thesis_VHDL/Xilinx_Projects/Convolutional_Neural_Network_FPGA_Node/Convolutional_Neural_Network_FPGA_Node.srcs/sources_1/bd/Node/Node.bd}
